<?xml version="1.0" encoding="UTF-8"?>
<TestRun id="35edc81f-6dd1-4656-9e0f-9bd21556fbc9" name="Administrator@2011-20121102OZ 2014-07-17 18:02:42" runUser="2011-20121102OZ\Administrator" xmlns="http://microsoft.com/schemas/VisualStudio/TeamTest/2010">
  <TestSettings name="本地" id="347e0169-c17f-41d9-8419-aab056f126dc">
    <Description>这些设置为本地测试运行的默认测试设置。</Description>
    <Deployment enabled="false" runDeploymentRoot="Administrator_2011-20121102OZ 2014-07-17 18_02_42">
      <DeploymentItem filename="E:\comsite\svn\dev456\CMS\code\branches\v1.0\CMS.Utility\bin\Debug\CMS.Utility.dll" />
      <DeploymentItem filename="E:\comsite\svn\dev456\CMS\code\branches\v1.0\SMVC\bin\Debug\SMVC.dll" />
      <DeploymentItem filename="E:\comsite\svn\dev456\CMS\code\branches\v1.0\CMS.Template\bin\Debug\CMS.Template.dll" />
      <DeploymentItem filename="E:\comsite\svn\dev456\CMS\code\branches\v1.0\Factory\bin\x64\Debug\Factory.dll" />
      <DeploymentItem filename="E:\comsite\svn\dev456\CMS\code\branches\v1.0\CMS.HTMLService\bin\Debug\CMS.HtmlService.dll" />
      <DeploymentItem filename="E:\comsite\svn\dev456\CMS\code\branches\v1.0\CMS.Controller\bin\Debug\CMS.Controller.dll" />
      <DeploymentItem filename="E:\comsite\svn\dev456\CMS\code\branches\v1.0\CMS.HtmlService.Contract\bin\Debug\CMS.HtmlService.Contract.dll" />
      <DeploymentItem filename="E:\comsite\svn\dev456\CMS\code\branches\v1.0\CMS.Test\bin\Debug\Autofac.Integration.Wcf.dll" />
      <DeploymentItem filename="E:\comsite\svn\dev456\CMS\code\branches\v1.0\CMS.Test\bin\Debug\UpchinaSecurity.dll" />
      <DeploymentItem filename="E:\comsite\svn\dev456\CMS\code\branches\v1.0\CMS.DAL\bin\Debug\CMS.DAL.dll" />
      <DeploymentItem filename="E:\comsite\svn\dev456\CMS\code\branches\v1.0\Common\bin\Debug\Common.dll" />
      <DeploymentItem filename="E:\comsite\svn\dev456\CMS\code\branches\v1.0\CMS.Test\bin\Debug\Autofac.dll" />
      <DeploymentItem filename="E:\comsite\svn\dev456\CMS\code\branches\v1.0\CMS.Model\bin\Debug\CMS.Model.dll" />
      <DeploymentItem filename="E:\comsite\svn\dev456\CMS\code\branches\v1.0\CMS.ViewModel\bin\Debug\CMS.ViewModel.dll" />
      <DeploymentItem filename="E:\comsite\svn\dev456\CMS\code\branches\v1.0\CMS.Test\bin\Debug\log4net.dll" />
      <DeploymentItem filename="E:\comsite\svn\dev456\CMS\code\branches\v1.0\CMS.BLL\bin\Debug\CMS.BLL.dll" />
    </Deployment>
    <Execution>
      <TestTypeSpecific />
      <AgentRule name="Execution Agents">
      </AgentRule>
    </Execution>
  </TestSettings>
  <Times creation="2014-07-17T18:02:42.8989504+08:00" queuing="2014-07-17T18:02:44.9500677+08:00" start="2014-07-17T18:02:45.0320724+08:00" finish="2014-07-17T18:02:45.7301123+08:00" />
  <ResultSummary outcome="Failed">
    <Counters total="1" executed="1" error="0" failed="1" timeout="0" aborted="0" inconclusive="0" passedButRunAborted="0" notRunnable="0" notExecuted="0" disconnected="0" warning="0" passed="0" completed="0" inProgress="0" pending="0" />
  </ResultSummary>
  <TestDefinitions>
    <UnitTest name="AddEditArticleTest" storage="e:\comsite\svn\dev456\cms\code\branches\v1.0\cms.test\bin\debug\cms.test.dll" id="9a79164d-67f1-a759-c2fa-04f2f519ad8e">
      <Execution id="a4a66f22-6d08-42f1-b3f3-d2b86dbc9dd4" />
      <TestMethod codeBase="E:/comsite/svn/dev456/CMS/code/branches/v1.0/CMS.Test/bin/Debug/CMS.Test.DLL" adapterTypeName="Microsoft.VisualStudio.TestTools.TestTypes.Unit.UnitTestAdapter, Microsoft.VisualStudio.QualityTools.Tips.UnitTest.Adapter, Version=10.0.0.0, Culture=neutral, PublicKeyToken=b03f5f7f11d50a3a" className="CMS.Test.AjaxArticleTest, CMS.Test, Version=1.0.0.0, Culture=neutral, PublicKeyToken=null" name="AddEditArticleTest" />
    </UnitTest>
  </TestDefinitions>
  <TestLists>
    <TestList name="列表中未列出的结果" id="8c84fa94-04c1-424b-9868-57a2d4851a1d" />
    <TestList name="所有已加载的结果" id="19431567-8539-422a-85d7-44ee4e166bda" />
  </TestLists>
  <TestEntries>
    <TestEntry testId="9a79164d-67f1-a759-c2fa-04f2f519ad8e" executionId="a4a66f22-6d08-42f1-b3f3-d2b86dbc9dd4" testListId="8c84fa94-04c1-424b-9868-57a2d4851a1d" />
  </TestEntries>
  <Results>
    <UnitTestResult executionId="a4a66f22-6d08-42f1-b3f3-d2b86dbc9dd4" testId="9a79164d-67f1-a759-c2fa-04f2f519ad8e" testName="AddEditArticleTest" computerName="2011-20121102OZ" duration="00:00:00.1772889" startTime="2014-07-17T18:02:45.0910758+08:00" endTime="2014-07-17T18:02:45.6771093+08:00" testType="13cdc9d9-ddb5-4fa4-a97d-d965ccfc6d4b" outcome="Failed" testListId="8c84fa94-04c1-424b-9868-57a2d4851a1d" relativeResultsDirectory="a4a66f22-6d08-42f1-b3f3-d2b86dbc9dd4">
      <Output>
        <ErrorInfo>
          <Message>测试方法 CMS.Test.AjaxArticleTest.AddEditArticleTest 引发了异常: 
System.NullReferenceException: 未将对象引用设置到对象的实例。</Message>
          <StackTrace>    在 CMS.Controller.AjaxArticle.AddEditArticle(News news, String operateType, String blod, Int32 checkAbstract) 位置 E:\comsite\svn\dev456\CMS\code\branches\v1.0\CMS.Controller\Ajax\AjaxArticle.cs:行号 40
   在 CMS.Test.AjaxArticleTest.AddEditArticleTest() 位置 E:\comsite\svn\dev456\CMS\code\branches\v1.0\CMS.Test\AjaxArticleTest.cs:行号 81
</StackTrace>
        </ErrorInfo>
      </Output>
    </UnitTestResult>
  </Results>
</TestRun>